Inliterarytheory,atextisanyobjectthatcanbe"read",whetherthisobjectisa
workofliterature,astreetsign,anarrangementofbuildingsonacityblock,orstylesofclothing.Itisacoherentsetofsignsthat
transmitssomekindofinformativemessage.[1]
Thissetof
symbolsisconsidered
intermsoftheinformativemessage's
content,
ratherthaninterms
ofitsphysicalformor
the
medium\
inwhich
itisrepresented.
